// Jest Snapshot v1, https://goo.gl/fbAQLP

exports[`test render List Rocket should match snapshoot 1`] = `
<div>
  <header
    className="flex-center"
  >
    <a
      href="/"
      onClick={[Function]}
    >
      <svg
        className="iconBack"
        fill="currentColor"
        height="1em"
        stroke="currentColor"
        strokeWidth="0"
        style={
          Object {
            "color": undefined,
          }
        }
        viewBox="0 0 512 512"
        width="1em"
        xmlns="http://www.w3.org/2000/svg"
      >
        <path
          d="M328 112L184 256l144 144"
          fill="none"
          strokeLinecap="round"
          strokeLinejoin="round"
          strokeWidth="48"
        />
      </svg>
    </a>
    <p>
      Home
    </p>
    <div />
  </header>
</div>
`;
