// Jest Snapshot v1, https://goo.gl/fbAQLP

exports[`test render List Country should match snapshoot 1`] = `
<div
  className="max-width"
>
  <ul
    className="max-width no-styling row list-country"
  >
    <p
      className="max-width flex-center"
    >
      Empty List
    </p>
  </ul>
</div>
`;
